
  .   ____          _            __ _ _
 /\\ / ___'_ __ _ _(_)_ __  __ _ \ \ \ \
( ( )\___ | '_ | '_| | '_ \/ _` | \ \ \ \
 \\/  ___)| |_)| | | | | || (_| |  ) ) ) )
  '  |____| .__|_| |_|_| |_\__, | / / / /
 =========|_|==============|___/=/_/_/_/

 :: Spring Boot ::               (v3.5.14)

2026-06-13T16:10:24.943-05:00  INFO 20972 --- [sinapsistencia] [           main] p.s.SinapsistenciaApplication            : Starting SinapsistenciaApplication using Java 22.0.1 with PID 20972 (C:\Users\Usuario\OneDrive\Escritorio\Sinapsistencia v.2\backend\target\classes started by Usuario in C:\Users\Usuario\OneDrive\Escritorio\Sinapsistencia v.2\backend)
2026-06-13T16:10:24.944-05:00  INFO 20972 --- [sinapsistencia] [           main] p.s.SinapsistenciaApplication            : No active profile set, falling back to 1 default profile: "default"
2026-06-13T16:10:24.992-05:00  INFO 20972 --- [sinapsistencia] [           main] .s.b.d.c.l.DockerComposeLifecycleManager : Using Docker Compose file C:\Users\Usuario\OneDrive\Escritorio\Sinapsistencia v.2\docker-compose.yml
2026-06-13T16:10:25.648-05:00  INFO 20972 --- [sinapsistencia] [           main] .s.b.d.c.l.DockerComposeLifecycleManager : There are already Docker Compose services running, skipping startup
2026-06-13T16:10:26.623-05:00  INFO 20972 --- [sinapsistencia] [           main] .s.d.r.c.RepositoryConfigurationDelegate : Bootstrapping Spring Data JPA repositories in DEFAULT mode.
2026-06-13T16:10:26.707-05:00  INFO 20972 --- [sinapsistencia] [           main] .s.d.r.c.RepositoryConfigurationDelegate : Finished Spring Data repository scanning in 78 ms. Found 17 JPA repository interfaces.
2026-06-13T16:10:27.239-05:00  INFO 20972 --- [sinapsistencia] [           main] o.s.b.w.embedded.tomcat.TomcatWebServer  : Tomcat initialized with port 8080 (http)
2026-06-13T16:10:27.249-05:00  INFO 20972 --- [sinapsistencia] [           main] o.apache.catalina.core.StandardService   : Starting service [Tomcat]
2026-06-13T16:10:27.249-05:00  INFO 20972 --- [sinapsistencia] [           main] o.apache.catalina.core.StandardEngine    : Starting Servlet engine: [Apache Tomcat/10.1.54]
2026-06-13T16:10:27.298-05:00  INFO 20972 --- [sinapsistencia] [           main] o.a.c.c.C.[Tomcat].[localhost].[/]       : Initializing Spring embedded WebApplicationContext
2026-06-13T16:10:27.299-05:00  INFO 20972 --- [sinapsistencia] [           main] w.s.c.ServletWebServerApplicationContext : Root WebApplicationContext: initialization completed in 1417 ms
2026-06-13T16:10:27.665-05:00  INFO 20972 --- [sinapsistencia] [           main] org.flywaydb.core.FlywayExecutor         : Database: jdbc:postgresql://127.0.0.1:5433/sinapsistencia?ApplicationName=sinapsistencia (PostgreSQL 16.14)
2026-06-13T16:10:27.701-05:00  INFO 20972 --- [sinapsistencia] [           main] o.f.core.internal.command.DbValidate     : Successfully validated 2 migrations (execution time 00:00.019s)
2026-06-13T16:10:27.730-05:00  INFO 20972 --- [sinapsistencia] [           main] o.f.core.internal.command.DbMigrate      : Current version of schema "public": 3
2026-06-13T16:10:27.732-05:00  INFO 20972 --- [sinapsistencia] [           main] o.f.core.internal.command.DbMigrate      : Schema "public" is up to date. No migration necessary.
2026-06-13T16:10:27.805-05:00  INFO 20972 --- [sinapsistencia] [           main] o.hibernate.jpa.internal.util.LogHelper  : HHH000204: Processing PersistenceUnitInfo [name: default]
2026-06-13T16:10:27.844-05:00  INFO 20972 --- [sinapsistencia] [           main] org.hibernate.Version                    : HHH000412: Hibernate ORM core version 6.6.49.Final
2026-06-13T16:10:27.866-05:00  INFO 20972 --- [sinapsistencia] [           main] o.h.c.internal.RegionFactoryInitiator    : HHH000026: Second-level cache disabled
2026-06-13T16:10:28.063-05:00  INFO 20972 --- [sinapsistencia] [           main] o.s.o.j.p.SpringPersistenceUnitInfo      : No LoadTimeWeaver setup: ignoring JPA class transformer
2026-06-13T16:10:28.083-05:00  INFO 20972 --- [sinapsistencia] [           main] com.zaxxer.hikari.HikariDataSource       : HikariPool-1 - Starting...
2026-06-13T16:10:28.109-05:00  INFO 20972 --- [sinapsistencia] [           main] com.zaxxer.hikari.pool.HikariPool        : HikariPool-1 - Added connection org.postgresql.jdbc.PgConnection@3a42145
2026-06-13T16:10:28.110-05:00  INFO 20972 --- [sinapsistencia] [           main] com.zaxxer.hikari.HikariDataSource       : HikariPool-1 - Start completed.
2026-06-13T16:10:28.156-05:00  INFO 20972 --- [sinapsistencia] [           main] org.hibernate.orm.connections.pooling    : HHH10001005: Database info:
	Database JDBC URL [Connecting through datasource 'HikariDataSource (HikariPool-1)']
	Database driver: undefined/unknown
	Database version: 16.14
	Autocommit mode: undefined/unknown
	Isolation level: undefined/unknown
	Minimum pool size: undefined/unknown
	Maximum pool size: undefined/unknown
2026-06-13T16:10:28.978-05:00  INFO 20972 --- [sinapsistencia] [           main] o.h.e.t.j.p.i.JtaPlatformInitiator       : HHH000489: No JTA platform available (set 'hibernate.transaction.jta.platform' to enable JTA platform integration)
2026-06-13T16:10:29.014-05:00  INFO 20972 --- [sinapsistencia] [           main] j.LocalContainerEntityManagerFactoryBean : Initialized JPA EntityManagerFactory for persistence unit 'default'
2026-06-13T16:10:29.403-05:00  INFO 20972 --- [sinapsistencia] [           main] o.s.d.j.r.query.QueryEnhancerFactory     : Hibernate is in classpath; If applicable, HQL parser will be used.
2026-06-13T16:10:30.331-05:00  INFO 20972 --- [sinapsistencia] [           main] o.s.b.a.e.web.EndpointLinksResolver      : Exposing 2 endpoints beneath base path '/actuator'
2026-06-13T16:10:30.366-05:00  WARN 20972 --- [sinapsistencia] [           main] .s.s.UserDetailsServiceAutoConfiguration : 

Using generated security password: cc57adc5-e872-42e1-a30a-1e36b3583840

This generated password is for development use only. Your security configuration must be updated before running your application in production.

2026-06-13T16:10:30.373-05:00  INFO 20972 --- [sinapsistencia] [           main] r$InitializeUserDetailsManagerConfigurer : Global AuthenticationManager configured with UserDetailsService bean with name inMemoryUserDetailsManager
2026-06-13T16:10:30.882-05:00  INFO 20972 --- [sinapsistencia] [           main] o.s.b.w.embedded.tomcat.TomcatWebServer  : Tomcat started on port 8080 (http) with context path '/'
2026-06-13T16:10:30.893-05:00  INFO 20972 --- [sinapsistencia] [           main] p.s.SinapsistenciaApplication            : Started SinapsistenciaApplication in 6.342 seconds (process running for 6.637)
2026-06-13T16:10:30.963-05:00  INFO 20972 --- [sinapsistencia] [nio-8080-exec-1] o.a.c.c.C.[Tomcat].[localhost].[/]       : Initializing Spring DispatcherServlet 'dispatcherServlet'
2026-06-13T16:10:30.963-05:00  INFO 20972 --- [sinapsistencia] [nio-8080-exec-1] o.s.web.servlet.DispatcherServlet        : Initializing Servlet 'dispatcherServlet'
2026-06-13T16:10:30.965-05:00  INFO 20972 --- [sinapsistencia] [nio-8080-exec-1] o.s.web.servlet.DispatcherServlet        : Completed initialization in 1 ms
2026-06-13T16:13:57.866-05:00  WARN 20972 --- [sinapsistencia] [nio-8080-exec-5] p.s.shared.api.GlobalExceptionHandler    : Argumento inválido: Invalid UUID string: y
2026-06-13T16:21:43.506-05:00 ERROR 20972 --- [sinapsistencia] [         task-1] p.s.ml.application.N8nNotifier           : [n8n] Error al disparar webhook: I/O error on POST request for "http://localhost:5678/webhook/risk-alert": Connection refused: getsockopt
